Archive member included to satisfy reference by file (symbol)

F:/stm32/STM32CubeIDE_1.18.0/STM32CubeIDE/plugins/com.st.stm32cube.ide.mcu.externaltools.gnu-tools-for-stm32.13.3.rel1.win32_1.0.0.202411081344/tools/bin/../lib/gcc/arm-none-eabi/13.3.1/../../../../arm-none-eabi/lib/thumb/v7e-m+fp/hard\libc_nano.a(libc_a-exit.o)
                              F:/stm32/STM32CubeIDE_1.18.0/STM32CubeIDE/plugins/com.st.stm32cube.ide.mcu.externaltools.gnu-tools-for-stm32.13.3.rel1.win32_1.0.0.202411081344/tools/bin/../lib/gcc/arm-none-eabi/13.3.1/../../../../arm-none-eabi/lib/thumb/v7e-m+fp/hard/crt0.o (exit)
F:/stm32/STM32CubeIDE_1.18.0/STM32CubeIDE/plugins/com.st.stm32cube.ide.mcu.externaltools.gnu-tools-for-stm32.13.3.rel1.win32_1.0.0.202411081344/tools/bin/../lib/gcc/arm-none-eabi/13.3.1/../../../../arm-none-eabi/lib/thumb/v7e-m+fp/hard\libc_nano.a(libc_a-findfp.o)
                              F:/stm32/STM32CubeIDE_1.18.0/STM32CubeIDE/plugins/com.st.stm32cube.ide.mcu.externaltools.gnu-tools-for-stm32.13.3.rel1.win32_1.0.0.202411081344/tools/bin/../lib/gcc/arm-none-eabi/13.3.1/../../../../arm-none-eabi/lib/thumb/v7e-m+fp/hard\libc_nano.a(libc_a-exit.o) (__stdio_exit_handler)
F:/stm32/STM32CubeIDE_1.18.0/STM32CubeIDE/plugins/com.st.stm32cube.ide.mcu.externaltools.gnu-tools-for-stm32.13.3.rel1.win32_1.0.0.202411081344/tools/bin/../lib/gcc/arm-none-eabi/13.3.1/../../../../arm-none-eabi/lib/thumb/v7e-m+fp/hard\libc_nano.a(libc_a-fwalk.o)
                              F:/stm32/STM32CubeIDE_1.18.0/STM32CubeIDE/plugins/com.st.stm32cube.ide.mcu.externaltools.gnu-tools-for-stm32.13.3.rel1.win32_1.0.0.202411081344/tools/bin/../lib/gcc/arm-none-eabi/13.3.1/../../../../arm-none-eabi/lib/thumb/v7e-m+fp/hard\libc_nano.a(libc_a-findfp.o) (_fwalk_sglue)
F:/stm32/STM32CubeIDE_1.18.0/STM32CubeIDE/plugins/com.st.stm32cube.ide.mcu.externaltools.gnu-tools-for-stm32.13.3.rel1.win32_1.0.0.202411081344/tools/bin/../lib/gcc/arm-none-eabi/13.3.1/../../../../arm-none-eabi/lib/thumb/v7e-m+fp/hard\libc_nano.a(libc_a-sprintf.o)
                              ./Core/Src/main.o (sprintf)
F:/stm32/STM32CubeIDE_1.18.0/STM32CubeIDE/plugins/com.st.stm32cube.ide.mcu.externaltools.gnu-tools-for-stm32.13.3.rel1.win32_1.0.0.202411081344/tools/bin/../lib/gcc/arm-none-eabi/13.3.1/../../../../arm-none-eabi/lib/thumb/v7e-m+fp/hard\libc_nano.a(libc_a-stdio.o)
                              F:/stm32/STM32CubeIDE_1.18.0/STM32CubeIDE/plugins/com.st.stm32cube.ide.mcu.externaltools.gnu-tools-for-stm32.13.3.rel1.win32_1.0.0.202411081344/tools/bin/../lib/gcc/arm-none-eabi/13.3.1/../../../../arm-none-eabi/lib/thumb/v7e-m+fp/hard\libc_nano.a(libc_a-findfp.o) (__sread)
F:/stm32/STM32CubeIDE_1.18.0/STM32CubeIDE/plugins/com.st.stm32cube.ide.mcu.externaltools.gnu-tools-for-stm32.13.3.rel1.win32_1.0.0.202411081344/tools/bin/../lib/gcc/arm-none-eabi/13.3.1/../../../../arm-none-eabi/lib/thumb/v7e-m+fp/hard\libc_nano.a(libc_a-memset.o)
                              F:/stm32/STM32CubeIDE_1.18.0/STM32CubeIDE/plugins/com.st.stm32cube.ide.mcu.externaltools.gnu-tools-for-stm32.13.3.rel1.win32_1.0.0.202411081344/tools/bin/../lib/gcc/arm-none-eabi/13.3.1/../../../../arm-none-eabi/lib/thumb/v7e-m+fp/hard/crt0.o (memset)
F:/stm32/STM32CubeIDE_1.18.0/STM32CubeIDE/plugins/com.st.stm32cube.ide.mcu.externaltools.gnu-tools-for-stm32.13.3.rel1.win32_1.0.0.202411081344/tools/bin/../lib/gcc/arm-none-eabi/13.3.1/../../../../arm-none-eabi/lib/thumb/v7e-m+fp/hard\libc_nano.a(libc_a-closer.o)
                              F:/stm32/STM32CubeIDE_1.18.0/STM32CubeIDE/plugins/com.st.stm32cube.ide.mcu.externaltools.gnu-tools-for-stm32.13.3.rel1.win32_1.0.0.202411081344/tools/bin/../lib/gcc/arm-none-eabi/13.3.1/../../../../arm-none-eabi/lib/thumb/v7e-m+fp/hard\libc_nano.a(libc_a-stdio.o) (_close_r)
F:/stm32/STM32CubeIDE_1.18.0/STM32CubeIDE/plugins/com.st.stm32cube.ide.mcu.externaltools.gnu-tools-for-stm32.13.3.rel1.win32_1.0.0.202411081344/tools/bin/../lib/gcc/arm-none-eabi/13.3.1/../../../../arm-none-eabi/lib/thumb/v7e-m+fp/hard\libc_nano.a(libc_a-reent.o)
                              F:/stm32/STM32CubeIDE_1.18.0/STM32CubeIDE/plugins/com.st.stm32cube.ide.mcu.externaltools.gnu-tools-for-stm32.13.3.rel1.win32_1.0.0.202411081344/tools/bin/../lib/gcc/arm-none-eabi/13.3.1/../../../../arm-none-eabi/lib/thumb/v7e-m+fp/hard\libc_nano.a(libc_a-closer.o) (errno)
F:/stm32/STM32CubeIDE_1.18.0/STM32CubeIDE/plugins/com.st.stm32cube.ide.mcu.externaltools.gnu-tools-for-stm32.13.3.rel1.win32_1.0.0.202411081344/tools/bin/../lib/gcc/arm-none-eabi/13.3.1/../../../../arm-none-eabi/lib/thumb/v7e-m+fp/hard\libc_nano.a(libc_a-impure.o)
                              F:/stm32/STM32CubeIDE_1.18.0/STM32CubeIDE/plugins/com.st.stm32cube.ide.mcu.externaltools.gnu-tools-for-stm32.13.3.rel1.win32_1.0.0.202411081344/tools/bin/../lib/gcc/arm-none-eabi/13.3.1/../../../../arm-none-eabi/lib/thumb/v7e-m+fp/hard\libc_nano.a(libc_a-sprintf.o) (_impure_ptr)
[...]
Memory Configuration

Name             Origin             Length             Attributes
RAM              0x20000000         0x00018000         xrw
FLASH            0x08000000         0x00080000         xr
*default*        0x00000000         0xffffffff

Linker script and memory map

LOAD F:/stm32/STM32CubeIDE_1.18.0/STM32CubeIDE/plugins/com.st.stm32cube.ide.mcu.externaltools.gnu-tools-for-stm32.13.3.rel1.win32_1.0.0.202411081344/tools/bin/../lib/gcc/arm-none-eabi/13.3.1/thumb/v7e-m+fp/hard/crti.o
LOAD F:/stm32/STM32CubeIDE_1.18.0/STM32CubeIDE/plugins/com.st.stm32cube.ide.mcu.externaltools.gnu-tools-for-stm32.13.3.rel1.win32_1.0.0.202411081344/tools/bin/../lib/gcc/arm-none-eabi/13.3.1/thumb/v7e-m+fp/hard/crtbegin.o
LOAD F:/stm32/STM32CubeIDE_1.18.0/STM32CubeIDE/plugins/com.st.stm32cube.ide.mcu.externaltools.gnu-tools-for-stm32.13.3.rel1.win32_1.0.0.202411081344/tools/bin/../lib/gcc/arm-none-eabi/13.3.1/../../../../arm-none-eabi/lib/thumb/v7e-m+fp/hard/crt0.o
LOAD ./Core/Src/main.o
LOAD ./Core/Src/stm32f4xx_hal_msp.o
LOAD ./Core/Src/stm32f4xx_it.o
LOAD ./Core/Src/syscalls.o
LOAD ./Core/Src/sysmem.o
LOAD ./Core/Src/system_stm32f4xx.o
LOAD ./Core/Startup/startup_stm32f401vetx.o
LOAD ./Drivers/STM32F4xx_HAL_Driver/Src/stm32f4xx_hal.o
LOAD ./Drivers/STM32F4xx_HAL_Driver/Src/stm32f4xx_hal_cortex.o
LOAD ./Drivers/STM32F4xx_HAL_Driver/Src/stm32f4xx_hal_dma.o
LOAD ./Drivers/STM32F4xx_HAL_Driver/Src/stm32f4xx_hal_dma_ex.o
LOAD ./Drivers/STM32F4xx_HAL_Driver/Src/stm32f4xx_hal_exti.o
LOAD ./Drivers/STM32F4xx_HAL_Driver/Src/stm32f4xx_hal_flash.o
LOAD ./Drivers/STM32F4xx_HAL_Driver/Src/stm32f4xx_hal_flash_ex.o
LOAD ./Drivers/STM32F4xx_HAL_Driver/Src/stm32f4xx_hal_flash_ramfunc.o
LOAD ./Drivers/STM32F4xx_HAL_Driver/Src/stm32f4xx_hal_gpio.o
LOAD ./Drivers/STM32F4xx_HAL_Driver/Src/stm32f4xx_hal_pwr.o
LOAD ./Drivers/STM32F4xx_HAL_Driver/Src/stm32f4xx_hal_pwr_ex.o
LOAD ./Drivers/STM32F4xx_HAL_Driver/Src/stm32f4xx_hal_rcc.o
LOAD ./Drivers/STM32F4xx_HAL_Driver/Src/stm32f4xx_hal_rcc_ex.o
START GROUP
LOAD F:/stm32/STM32CubeIDE_1.18.0/STM32CubeIDE/plugins/com.st.stm32cube.ide.mcu.externaltools.gnu-tools-for-stm32.13.3.rel1.win32_1.0.0.202411081344/tools/bin/../lib/gcc/arm-none-eabi/13.3.1/../../../../arm-none-eabi/lib/thumb/v7e-m+fp/hard\libc_nano.a
LOAD F:/stm32/STM32CubeIDE_1.18.0/STM32CubeIDE/plugins/com.st.stm32cube.ide.mcu.externaltools.gnu-tools-for-stm32.13.3.rel1.win32_1.0.0.202411081344/tools/bin/../lib/gcc/arm-none-eabi/13.3.1/../../../../arm-none-eabi/lib/thumb/v7e-m+fp/hard\libm.a
END GROUP
START GROUP
LOAD F:/stm32/STM32CubeIDE_1.18.0/STM32CubeIDE/plugins/com.st.stm32cube.ide.mcu.externaltools.gnu-tools-for-stm32.13.3.rel1.win32_1.0.0.202411081344/tools/bin/../lib/gcc/arm-none-eabi/13.3.1/thumb/v7e-m+fp/hard\libgcc.a
LOAD F:/stm32/STM32CubeIDE_1.18.0/STM32CubeIDE/plugins/com.st.stm32cube.ide.mcu.externaltools.gnu-tools-for-stm32.13.3.rel1.win32_1.0.0.202411081344/tools/bin/../lib/gcc/arm-none-eabi/13.3.1/../../../../arm-none-eabi/lib/thumb/v7e-m+fp/hard\libc_nano.a
END GROUP
START GROUP
LOAD F:/stm32/STM32CubeIDE_1.18.0/STM32CubeIDE/plugins/com.st.stm32cube.ide.mcu.externaltools.gnu-tools-for-stm32.13.3.rel1.win32_1.0.0.202411081344/tools/bin/../lib/gcc/arm-none-eabi/13.3.1/thumb/v7e-m+fp/hard\libgcc.a
LOAD F:/stm32/STM32CubeIDE_1.18.0/STM32CubeIDE/plugins/com.st.stm32cube.ide.mcu.externaltools.gnu-tools-for-stm32.13.3.rel1.win32_1.0.0.202411081344/tools/bin/../lib/gcc/arm-none-eabi/13.3.1/../../../../arm-none-eabi/lib/thumb/v7e-m+fp/hard\libc_nano.a
LOAD F:/stm32/STM32CubeIDE_1.18.0/STM32CubeIDE/plugins/com.st.stm32cube.ide.mcu.externaltools.gnu-tools-for-stm32.13.3.rel1.win32_1.0.0.202411081344/tools/bin/../lib/gcc/arm-none-eabi/13.3.1/../../../../arm-none-eabi/lib/thumb/v7e-m+fp/hard\libnosys.a
END GROUP
START GROUP
LOAD F:/stm32/STM32CubeIDE_1.18.0/STM32CubeIDE/plugins/com.st.stm32cube.ide.mcu.externaltools.gnu-tools-for-stm32.13.3.rel1.win32_1.0.0.202411081344/tools/bin/../lib/gcc/arm-none-eabi/13.3.1/thumb/v7e-m+fp/hard\libgcc.a
LOAD F:/stm32/STM32CubeIDE_1.18.0/STM32CubeIDE/plugins/com.st.stm32cube.ide.mcu.externaltools.gnu-tools-for-stm32.13.3.rel1.win32_1.0.0.202411081344/tools/bin/../lib/gcc/arm-none-eabi/13.3.1/../../../../arm-none-eabi/lib/thumb/v7e-m+fp/hard\libc_nano.a
LOAD F:/stm32/STM32CubeIDE_1.18.0/STM32CubeIDE/plugins/com.st.stm32cube.ide.mcu.externaltools.gnu-tools-for-stm32.13.3.rel1.win32_1.0.0.202411081344/tools/bin/../lib/gcc/arm-none-eabi/13.3.1/../../../../arm-none-eabi/lib/thumb/v7e-m+fp/hard\libnosys.a
END GROUP
LOAD F:/stm32/STM32CubeIDE_1.18.0/STM32CubeIDE/plugins/com.st.stm32cube.ide.mcu.externaltools.gnu-tools-for-stm32.13.3.rel1.win32_1.0.0.202411081344/tools/bin/../lib/gcc/arm-none-eabi/13.3.1/thumb/v7e-m+fp/hard/crtend.o
LOAD F:/stm32/STM32CubeIDE_1.18.0/STM32CubeIDE/plugins/com.st.stm32cube.ide.mcu.externaltools.gnu-tools-for-stm32.13.3.rel1.win32_1.0.0.202411081344/tools/bin/../lib/gcc/arm-none-eabi/13.3.1/thumb/v7e-m+fp/hard/crtn.o
                0x20018000                        _estack = (ORIGIN (RAM) + LENGTH (RAM))
                0x00000200                        _Min_Heap_Size = 0x200
                0x00000400                        _Min_Stack_Size = 0x400

.isr_vector     0x08000000      0x194
                0x08000000                        . = ALIGN (0x4)
 *(.isr_vector)
 .isr_vector    0x08000000      0x194 ./Core/Startup/startup_stm32f401vetx.o
                0x08000000                g_pfnVectors
                0x08000194                        . = ALIGN (0x4)

.text           0x08000194     0x1fc4
                0x08000194                        . = ALIGN (0x4)
 *(.text)
 .text          0x08000194       0x40 F:/stm32/STM32CubeIDE_1.18.0/STM32CubeIDE/plugins/com.st.stm32cube.ide.mcu.externaltools.gnu-tools-for-stm32.13.3.rel1.win32_1.0.0.202411081344/tools/bin/../lib/gcc/arm-none-eabi/13.3.1/thumb/v7e-m+fp/hard/crtbegin.o
 .text          0x080001d4       0x14 F:/stm32/STM32CubeIDE_1.18.0/STM32CubeIDE/plugins/com.st.stm32cube.ide.mcu.externaltools.gnu-tools-for-stm32.13.3.rel1.win32_1.0.0.202411081344/tools/bin/../lib/gcc/arm-none-eabi/13.3.1/../../../../arm-none-eabi/lib/thumb/v7e-m+fp/hard\libc_nano.a(libc_a-strcmp.o)
                0x080001d4                strcmp
 .text          0x080001e8       0x30 F:/stm32/STM32CubeIDE_1.18.0/STM32CubeIDE/plugins/com.st.stm32cube.ide.mcu.externaltools.gnu-tools-for-stm32.13.3.rel1.win32_1.0.0.202411081344/tools/bin/../lib/gcc/arm-none-eabi/13.3.1/thumb/v7e-m+fp/hard\libgcc.a(_aeabi_uldivmod.o)
                0x080001e8                __aeabi_uldivmod
 .text          0x08000218      0x2f8 F:/stm32/STM32CubeIDE_1.18.0/STM32CubeIDE/plugins/com.st.stm32cube.ide.mcu.externaltools.gnu-tools-for-stm32.13.3.rel1.win32_1.0.0.202411081344/tools/bin/../lib/gcc/arm-none-eabi/13.3.1/thumb/v7e-m+fp/hard\libgcc.a(_udivmoddi4.o)
                0x08000218                __udivmoddi4
 .text          0x08000510        0x4 F:/stm32/STM32CubeIDE_1.18.0/STM32CubeIDE/plugins/com.st.stm32cube.ide.mcu.externaltools.gnu-tools-for-stm32.13.3.rel1.win32_1.0.0.202411081344/tools/bin/../lib/gcc/arm-none-eabi/13.3.1/thumb/v7e-m+fp/hard\libgcc.a(_dvmd_tls.o)
                0x08000510                __aeabi_idiv0
                0x08000510                __aeabi_ldiv0
 *(.text*)
 .text.main     0x08000514       0x78 ./Core/Src/main.o
                0x08000514                main
 .text.LCD_Init
                0x0800058c       0xec ./Core/Src/main.o
                0x0800058c                LCD_Init
 .text.LCD_SendCommand
                0x08000678      0x13c ./Core/Src/main.o
                0x08000678                LCD_SendCommand
 .text.LCD_SendData
                0x080007b4      0x138 ./Core/Src/main.o
                0x080007b4                LCD_SendData
 .text.LCD_Print
                0x080008ec       0x2a ./Core/Src/main.o
                0x080008ec                LCD_Print
 .text.LCD_SetCursor
                0x08000916       0x34 ./Core/Src/main.o
                0x08000916                LCD_SetCursor
 .text.LCD_Clear
                0x0800094a       0x14 ./Core/Src/main.o
                0x0800094a                LCD_Clear
 *fill*         0x0800095e        0x2 
 .text.Keypad_GetKey
                0x08000960       0xd0 ./Core/Src/main.o
                0x08000960                Keypad_GetKey
 .text.Security_CheckSensors
                0x08000a30       0xb8 ./Core/Src/main.o
                0x08000a30                Security_CheckSensors
 .text.Security_ProcessPassword
                0x08000ae8      0x1c4 ./Core/Src/main.o
                0x08000ae8                Security_ProcessPassword
 .text.Security_SetState
                0x08000cac      0x104 ./Core/Src/main.o
                0x08000cac                Security_SetState
 .text.Security_HandleAlarm
                0x08000db0       0x7c ./Core/Src/main.o
                0x08000db0                Security_HandleAlarm
 .text.Sound_Beep
                0x08000e2c       0x38 ./Core/Src/main.o
                0x08000e2c                Sound_Beep
 .text.LED_Control
                0x08000e64       0x68 ./Core/Src/main.o
                0x08000e64                LED_Control
 .text.SystemClock_Config
                0x08000ecc       0xd4 ./Core/Src/main.o
                0x08000ecc                SystemClock_Config
 .text.MX_GPIO_Init
                0x08000fa0      0x120 ./Core/Src/main.o
 .text.Error_Handler
                0x080010c0       0x20 ./Core/Src/main.o
                0x080010c0                Error_Handler
 .text.HAL_MspInit
                0x080010e0       0x50 ./Core/Src/stm32f4xx_hal_msp.o
                0x080010e0                HAL_MspInit
 .text.NMI_Handler
                0x08001130        0x8 ./Core/Src/stm32f4xx_it.o
                0x08001130                NMI_Handler
 .text.HardFault_Handler
                0x08001138        0x8 ./Core/Src/stm32f4xx_it.o
                0x08001138                HardFault_Handler
 .text.MemManage_Handler
                0x08001140        0x8 ./Core/Src/stm32f4xx_it.o
                0x08001140                MemManage_Handler
 .text.BusFault_Handler
                0x08001148        0x8 ./Core/Src/stm32f4xx_it.o
                0x08001148                BusFault_Handler
 .text.UsageFault_Handler
                0x08001150        0x8 ./Core/Src/stm32f4xx_it.o
                0x08001150                UsageFault_Handler
 .text.SVC_Handler
                0x08001158        0xe ./Core/Src/stm32f4xx_it.o
                0x08001158                SVC_Handler
 .text.DebugMon_Handler
                0x08001166        0xe ./Core/Src/stm32f4xx_it.o
                0x08001166                DebugMon_Handler
 .text.PendSV_Handler
                0x08001174        0xe ./Core/Src/stm32f4xx_it.o
                0x08001174                PendSV_Handler
 .text.SysTick_Handler
                0x08001182        0xc ./Core/Src/stm32f4xx_it.o
                0x08001182                SysTick_Handler
 *fill*         0x0800118e        0x2 
 .text.SystemInit
                0x08001190       0x24 ./Core/Src/system_stm32f4xx.o
                0x08001190                SystemInit
 .text.Reset_Handler
                0x080011b4       0x50 ./Core/Startup/startup_stm32f401vetx.o
                0x080011b4                Reset_Handler
 .text.Default_Handler
                0x08001204        0x2 ./Core/Startup/startup_stm32f401vetx.o
                0x08001204                RTC_Alarm_IRQHandler
                0x08001204                EXTI2_IRQHandler
                0x08001204                SPI4_IRQHandler
                0x08001204                TIM1_CC_IRQHandler
                0x08001204                DMA2_Stream5_IRQHandler
                0x08001204                DMA1_Stream5_IRQHandler
                0x08001204                PVD_IRQHandler
                0x08001204                SDIO_IRQHandler
                0x08001204                TAMP_STAMP_IRQHandler
                0x08001204                EXTI3_IRQHandler
                0x08001204                TIM1_UP_TIM10_IRQHandler
                0x08001204                I2C3_ER_IRQHandler
                0x08001204                EXTI0_IRQHandler
                0x08001204                I2C2_EV_IRQHandler
                0x08001204                DMA1_Stream2_IRQHandler
                0x08001204                FPU_IRQHandler
                0x08001204                DMA2_Stream2_IRQHandler
                0x08001204                SPI1_IRQHandler
                0x08001204                TIM1_BRK_TIM9_IRQHandler
                0x08001204                DMA2_Stream3_IRQHandler
                0x08001204                USART6_IRQHandler
                0x08001204                DMA2_Stream0_IRQHandler
                0x08001204                TIM4_IRQHandler
                0x08001204                I2C1_EV_IRQHandler
                0x08001204                DMA1_Stream6_IRQHandler
                0x08001204                DMA1_Stream1_IRQHandler
                0x08001204                TIM3_IRQHandler
                0x08001204                RCC_IRQHandler
                0x08001204                Default_Handler
                0x08001204                EXTI15_10_IRQHandler
                0x08001204                ADC_IRQHandler
                0x08001204                DMA1_Stream7_IRQHandler
                0x08001204                TIM5_IRQHandler
                0x08001204                DMA2_Stream7_IRQHandler
                0x08001204                I2C3_EV_IRQHandler
                0x08001204                EXTI9_5_IRQHandler
                0x08001204                RTC_WKUP_IRQHandler
                0x08001204                SPI2_IRQHandler
                0x08001204                DMA1_Stream0_IRQHandler
                0x08001204                EXTI4_IRQHandler
                0x08001204                WWDG_IRQHandler
                0x08001204                TIM2_IRQHandler
                0x08001204                OTG_FS_WKUP_IRQHandler
                0x08001204                TIM1_TRG_COM_TIM11_IRQHandler
                0x08001204                EXTI1_IRQHandler
                0x08001204                USART2_IRQHandler
                0x08001204                I2C2_ER_IRQHandler
                0x08001204                DMA2_Stream1_IRQHandler
                0x08001204                FLASH_IRQHandler
                0x08001204                DMA2_Stream4_IRQHandler
                0x08001204                USART1_IRQHandler
                0x08001204                OTG_FS_IRQHandler
                0x08001204                SPI3_IRQHandler
                0x08001204                DMA1_Stream4_IRQHandler
                0x08001204                I2C1_ER_IRQHandler
                0x08001204                DMA2_Stream6_IRQHandler
                0x08001204                DMA1_Stream3_IRQHandler
 *fill*         0x08001206        0x2 
 .text.HAL_Init
                0x08001208       0x44 ./Drivers/STM32F4xx_HAL_Driver/Src/stm32f4xx_hal.o
                0x08001208                HAL_Init
 .text.HAL_InitTick
                0x0800124c       0x60 ./Drivers/STM32F4xx_HAL_Driver/Src/stm32f4xx_hal.o
                0x0800124c                HAL_InitTick
 .text.HAL_IncTick
                0x080012ac       0x28 ./Drivers/STM32F4xx_HAL_Driver/Src/stm32f4xx_hal.o
                0x080012ac                HAL_IncTick
 .text.HAL_GetTick
                0x080012d4       0x18 ./Drivers/STM32F4xx_HAL_Driver/Src/stm32f4xx_hal.o
                0x080012d4                HAL_GetTick
 .text.HAL_Delay
                0x080012ec       0x48 ./Drivers/STM32F4xx_HAL_Driver/Src/stm32f4xx_hal.o
                0x080012ec                HAL_Delay
 .text.__NVIC_SetPriorityGrouping
                0x08001334       0x48 ./Drivers/STM32F4xx_HAL_Driver/Src/stm32f4xx_hal_cortex.o
 .text.__NVIC_GetPriorityGrouping
                0x0800137c       0x1c ./Drivers/STM32F4xx_HAL_Driver/Src/stm32f4xx_hal_cortex.o
 .text.__NVIC_SetPriority
                0x08001398       0x54 ./Drivers/STM32F4xx_HAL_Driver/Src/stm32f4xx_hal_cortex.o
 .text.NVIC_EncodePriority
                0x080013ec       0x66 ./Drivers/STM32F4xx_HAL_Driver/Src/stm32f4xx_hal_cortex.o
 *fill*         0x08001452        0x2 
 .text.SysTick_Config
                0x08001454       0x44 ./Drivers/STM32F4xx_HAL_Driver/Src/stm32f4xx_hal_cortex.o
 .text.HAL_NVIC_SetPriorityGrouping
                0x08001498       0x16 ./Drivers/STM32F4xx_HAL_Driver/Src/stm32f4xx_hal_cortex.o
                0x08001498                HAL_NVIC_SetPriorityGrouping
 .text.HAL_NVIC_SetPriority
                0x080014ae       0x38 ./Drivers/STM32F4xx_HAL_Driver/Src/stm32f4xx_hal_cortex.o
                0x080014ae                HAL_NVIC_SetPriority
 .text.HAL_SYSTICK_Config
                0x080014e6       0x18 ./Drivers/STM32F4xx_HAL_Driver/Src/stm32f4xx_hal_cortex.o
                0x080014e6                HAL_SYSTICK_Config
 *fill*         0x080014fe        0x2 
 .text.HAL_GPIO_Init
                0x08001500      0x308 ./Drivers/STM32F4xx_HAL_Driver/Src/stm32f4xx_hal_gpio.o
                0x08001500                HAL_GPIO_Init
 .text.HAL_GPIO_ReadPin
                0x08001808       0x30 ./Drivers/STM32F4xx_HAL_Driver/Src/stm32f4xx_hal_gpio.o
                0x08001808                HAL_GPIO_ReadPin
 .text.HAL_GPIO_WritePin
                0x08001838       0x32 ./Drivers/STM32F4xx_HAL_Driver/Src/stm32f4xx_hal_gpio.o
                0x08001838                HAL_GPIO_WritePin
 .text.HAL_GPIO_TogglePin
                0x0800186a       0x34 ./Drivers/STM32F4xx_HAL_Driver/Src/stm32f4xx_hal_gpio.o
                0x0800186a                HAL_GPIO_TogglePin
 *fill*         0x0800189e        0x2 
 .text.HAL_RCC_OscConfig
                0x080018a0      0x4f0 ./Drivers/STM32F4xx_HAL_Driver/Src/stm32f4xx_hal_rcc.o
                0x080018a0                HAL_RCC_OscConfig
 .text.HAL_RCC_ClockConfig
                0x08001d90      0x1cc ./Drivers/STM32F4xx_HAL_Driver/Src/stm32f4xx_hal_rcc.o
                0x08001d90                HAL_RCC_ClockConfig
 .text.HAL_RCC_GetSysClockFreq
                0x08001f5c      0x18c ./Drivers/STM32F4xx_HAL_Driver/Src/stm32f4xx_hal_rcc.o
                0x08001f5c                HAL_RCC_GetSysClockFreq
 .text.memset   0x080020e8       0x10 F:/stm32/STM32CubeIDE_1.18.0/STM32CubeIDE/plugins/com.st.stm32cube.ide.mcu.externaltools.gnu-tools-for-stm32.13.3.rel1.win32_1.0.0.202411081344/tools/bin/../lib/gcc/arm-none-eabi/13.3.1/../../../../arm-none-eabi/lib/thumb/v7e-m+fp/hard\libc_nano.a(libc_a-memset.o)
                0x080020e8                memset
 .text.__libc_init_array
                0x080020f8       0x48 F:/stm32/STM32CubeIDE_1.18.0/STM32CubeIDE/plugins/com.st.stm32cube.ide.mcu.externaltools.gnu-tools-for-stm32.13.3.rel1.win32_1.0.0.202411081344/tools/bin/../lib/gcc/arm-none-eabi/13.3.1/../../../../arm-none-eabi/lib/thumb/v7e-m+fp/hard\libc_nano.a(libc_a-init.o)
                0x080020f8                __libc_init_array
 *(.glue_7)
 .glue_7        0x08002140        0x0 linker stubs
 *(.glue_7t)
 .glue_7t       0x08002140        0x0 linker stubs
 *(.eh_frame)
 .eh_frame      0x08002140        0x0 F:/stm32/STM32CubeIDE_1.18.0/STM32CubeIDE/plugins/com.st.stm32cube.ide.mcu.externaltools.gnu-tools-for-stm32.13.3.rel1.win32_1.0.0.202411081344/tools/bin/../lib/gcc/arm-none-eabi/13.3.1/thumb/v7e-m+fp/hard/crtbegin.o
 *(.init)
 .init          0x08002140        0x4 F:/stm32/STM32CubeIDE_1.18.0/STM32CubeIDE/plugins/com.st.stm32cube.ide.mcu.externaltools.gnu-tools-for-stm32.13.3.rel1.win32_1.0.0.202411081344/tools/bin/../lib/gcc/arm-none-eabi/13.3.1/thumb/v7e-m+fp/hard/crti.o
                0x08002140                _init
 .init          0x08002144        0x8 F:/stm32/STM32CubeIDE_1.18.0/STM32CubeIDE/plugins/com.st.stm32cube.ide.mcu.externaltools.gnu-tools-for-stm32.13.3.rel1.win32_1.0.0.202411081344/tools/bin/../lib/gcc/arm-none-eabi/13.3.1/thumb/v7e-m+fp/hard/crtn.o
 *(.fini)
 .fini          0x0800214c        0x4 F:/stm32/STM32CubeIDE_1.18.0/STM32CubeIDE/plugins/com.st.stm32cube.ide.mcu.externaltools.gnu-tools-for-stm32.13.3.rel1.win32_1.0.0.202411081344/tools/bin/../lib/gcc/arm-none-eabi/13.3.1/thumb/v7e-m+fp/hard/crti.o
                0x0800214c                _fini
 .fini          0x08002150        0x8 F:/stm32/STM32CubeIDE_1.18.0/STM32CubeIDE/plugins/com.st.stm32cube.ide.mcu.externaltools.gnu-tools-for-stm32.13.3.rel1.win32_1.0.0.202411081344/tools/bin/../lib/gcc/arm-none-eabi/13.3.1/thumb/v7e-m+fp/hard/crtn.o
                0x08002158                        . = ALIGN (0x4)
                0x08002158                        _etext = .

.vfp11_veneer   0x08002158        0x0
 .vfp11_veneer  0x08002158        0x0 linker stubs

.v4_bx          0x08002158        0x0
 .v4_bx         0x08002158        0x0 linker stubs

.iplt           0x08002158        0x0
 .iplt          0x08002158        0x0 F:/stm32/STM32CubeIDE_1.18.0/STM32CubeIDE/plugins/com.st.stm32cube.ide.mcu.externaltools.gnu-tools-for-stm32.13.3.rel1.win32_1.0.0.202411081344/tools/bin/../lib/gcc/arm-none-eabi/13.3.1/thumb/v7e-m+fp/hard/crtbegin.o

.rodata         0x08002158      0x148
                0x08002158                        . = ALIGN (0x4)
 *(.rodata)
 .rodata        0x08002158      0x138 ./Core/Src/main.o
 *(.rodata*)
 .rodata.AHBPrescTable
                0x08002290       0x10 ./Core/Src/system_stm32f4xx.o
                0x08002290                AHBPrescTable
                0x080022a0                        . = ALIGN (0x4)

.ARM.extab      0x080022a0        0x0
                0x080022a0                        . = ALIGN (0x4)
 *(.ARM.extab* .gnu.linkonce.armextab.*)
                0x080022a0                        . = ALIGN (0x4)

.ARM            0x080022a0        0x8
                0x080022a0                        . = ALIGN (0x4)
                0x080022a0                        __exidx_start = .
 *(.ARM.exidx*)
 .ARM.exidx     0x080022a0        0x8 F:/stm32/STM32CubeIDE_1.18.0/STM32CubeIDE/plugins/com.st.stm32cube.ide.mcu.externaltools.gnu-tools-for-stm32.13.3.rel1.win32_1.0.0.202411081344/tools/bin/../lib/gcc/arm-none-eabi/13.3.1/../../../../arm-none-eabi/lib/thumb/v7e-m+fp/hard\libc_nano.a(libc_a-strcmp.o)
 .ARM.exidx     0x080022a8        0x0 F:/stm32/STM32CubeIDE_1.18.0/STM32CubeIDE/plugins/com.st.stm32cube.ide.mcu.externaltools.gnu-tools-for-stm32.13.3.rel1.win32_1.0.0.202411081344/tools/bin/../lib/gcc/arm-none-eabi/13.3.1/thumb/v7e-m+fp/hard\libgcc.a(_udivmoddi4.o)
                                  0x8 (size before relaxing)
                0x080022a8                        __exidx_end = .
                0x080022a8                        . = ALIGN (0x4)

.preinit_array  0x080022a8        0x0
                0x080022a8                        . = ALIGN (0x4)
                0x080022a8                        PROVIDE (__preinit_array_start = .)
 *(.preinit_array*)
                0x080022a8                        PROVIDE (__preinit_array_end = .)
                0x080022a8                        . = ALIGN (0x4)

.init_array     0x080022a8        0x4
                0x080022a8                        . = ALIGN (0x4)
                0x080022a8                        PROVIDE (__init_array_start = .)
 *(SORT_BY_NAME(.init_array.*))
 *(.init_array*)
 .init_array    0x080022a8        0x4 F:/stm32/STM32CubeIDE_1.18.0/STM32CubeIDE/plugins/com.st.stm32cube.ide.mcu.externaltools.gnu-tools-for-stm32.13.3.rel1.win32_1.0.0.202411081344/tools/bin/../lib/gcc/arm-none-eabi/13.3.1/thumb/v7e-m+fp/hard/crtbegin.o
                0x080022ac                        PROVIDE (__init_array_end = .)
                0x080022ac                        . = ALIGN (0x4)

.fini_array     0x080022ac        0x4
                0x080022ac                        . = ALIGN (0x4)
                [!provide]                        PROVIDE (__fini_array_start = .)
 *(SORT_BY_NAME(.fini_array.*))
 *(.fini_array*)
 .fini_array    0x080022ac        0x4 F:/stm32/STM32CubeIDE_1.18.0/STM32CubeIDE/plugins/com.st.stm32cube.ide.mcu.externaltools.gnu-tools-for-stm32.13.3.rel1.win32_1.0.0.202411081344/tools/bin/../lib/gcc/arm-none-eabi/13.3.1/thumb/v7e-m+fp/hard/crtbegin.o
                [!provide]                        PROVIDE (__fini_array_end = .)
                0x080022b0                        . = ALIGN (0x4)
                0x080022b0                        _sidata = LOADADDR (.data)

.rel.dyn        0x080022b0        0x0
 .rel.iplt      0x080022b0        0x0 F:/stm32/STM32CubeIDE_1.18.0/STM32CubeIDE/plugins/com.st.stm32cube.ide.mcu.externaltools.gnu-tools-for-stm32.13.3.rel1.win32_1.0.0.202411081344/tools/bin/../lib/gcc/arm-none-eabi/13.3.1/thumb/v7e-m+fp/hard/crtbegin.o

.data           0x20000000       0x28 load address 0x080022b0
                0x20000000                        . = ALIGN (0x4)
                0x20000000                        _sdata = .
 *(.data)
 *(.data*)
 .data.currentState
                0x20000000        0x1 ./Core/Src/main.o
                0x20000000                currentState
 *fill*         0x20000001        0x3 
 .data.correctPassword
                0x20000004        0x5 ./Core/Src/main.o
                0x20000004                correctPassword
 *fill*         0x20000009        0x3 
 .data.keypadLayout
                0x2000000c       0x10 ./Core/Src/main.o
                0x2000000c                keypadLayout
 .data.SystemCoreClock
                0x2000001c        0x4 ./Core/Src/system_stm32f4xx.o
                0x2000001c                SystemCoreClock
 .data.uwTickPrio
                0x20000020        0x4 ./Drivers/STM32F4xx_HAL_Driver/Src/stm32f4xx_hal.o
                0x20000020                uwTickPrio
 .data.uwTickFreq
                0x20000024        0x1 ./Drivers/STM32F4xx_HAL_Driver/Src/stm32f4xx_hal.o
                0x20000024                uwTickFreq
 *(.RamFunc)
 *(.RamFunc*)
                0x20000028                        . = ALIGN (0x4)
 *fill*         0x20000025        0x3 
                0x20000028                        _edata = .

.igot.plt       0x20000028        0x0 load address 0x080022d8
 .igot.plt      0x20000028        0x0 F:/stm32/STM32CubeIDE_1.18.0/STM32CubeIDE/plugins/com.st.stm32cube.ide.mcu.externaltools.gnu-tools-for-stm32.13.3.rel1.win32_1.0.0.202411081344/tools/bin/../lib/gcc/arm-none-eabi/13.3.1/thumb/v7e-m+fp/hard/crtbegin.o
                0x20000028                        . = ALIGN (0x4)

.bss            0x20000028       0x3c load address 0x080022d8
                0x20000028                        _sbss = .
                0x20000028                        __bss_start__ = _sbss
 *(.bss)
 .bss           0x20000028       0x1c F:/stm32/STM32CubeIDE_1.18.0/STM32CubeIDE/plugins/com.st.stm32cube.ide.mcu.externaltools.gnu-tools-for-stm32.13.3.rel1.win32_1.0.0.202411081344/tools/bin/../lib/gcc/arm-none-eabi/13.3.1/thumb/v7e-m+fp/hard/crtbegin.o
 *(.bss*)
 .bss.enteredPassword
                0x20000044        0xa ./Core/Src/main.o
                0x20000044                enteredPassword
 .bss.passwordIndex
                0x2000004e        0x1 ./Core/Src/main.o
                0x2000004e                passwordIndex
 *fill*         0x2000004f        0x1 
 .bss.alarmStartTime
                0x20000050        0x4 ./Core/Src/main.o
                0x20000050                alarmStartTime
 .bss.motionDetected
                0x20000054        0x1 ./Core/Src/main.o
                0x20000054                motionDetected
 .bss.lastPirState.2
                0x20000055        0x1 ./Core/Src/main.o
 *fill*         0x20000056        0x2 
 .bss.lastBeepTime.1
                0x20000058        0x4 ./Core/Src/main.o
 .bss.ledState.0
                0x2000005c        0x1 ./Core/Src/main.o
 *fill*         0x2000005d        0x3 
 .bss.uwTick    0x20000060        0x4 ./Drivers/STM32F4xx_HAL_Driver/Src/stm32f4xx_hal.o
                0x20000060                uwTick
 *(COMMON)
                0x20000064                        . = ALIGN (0x4)
                0x20000064                        _ebss = .
                0x20000064                        __bss_end__ = _ebss

._user_heap_stack
                0x20000064      0x604 load address 0x080022d8
                0x20000068                        . = ALIGN (0x8)
 *fill*         0x20000064        0x4 
                [!provide]                        PROVIDE (end = .)
                0x20000068                        PROVIDE (_end = .)
                0x20000268                        . = (. + _Min_Heap_Size)
 *fill*         0x20000068      0x200 
                0x20000668                        . = (. + _Min_Stack_Size)
 *fill*         0x20000268      0x400 
                0x20000668                        . = ALIGN (0x8)

/DISCARD/
 libc.a(*)
 libm.a(*)
 libgcc.a(*)

.ARM.attributes
                0x00000000       0x30
 *(.ARM.attributes)
 .ARM.attributes
                0x00000000       0x22 F:/stm32/STM32CubeIDE_1.18.0/STM32CubeIDE/plugins/com.st.stm32cube.ide.mcu.externaltools.gnu-tools-for-stm32.13.3.rel1.win32_1.0.0.202411081344/tools/bin/../lib/gcc/arm-none-eabi/13.3.1/thumb/v7e-m+fp/hard/crti.o
 .ARM.attributes
                0x00000022       0x34 F:/stm32/STM32CubeIDE_1.18.0/STM32CubeIDE/plugins/com.st.stm32cube.ide.mcu.externaltools.gnu-tools-for-stm32.13.3.rel1.win32_1.0.0.202411081344/tools/bin/../lib/gcc/arm-none-eabi/13.3.1/thumb/v7e-m+fp/hard/crtbegin.o
 .ARM.attributes
                0x00000056       0x34 ./Core/Src/main.o
 .ARM.attributes
                0x0000008a       0x34 ./Core/Src/stm32f4xx_hal_msp.o
 .ARM.attributes
                0x000000be       0x34 ./Core/Src/stm32f4xx_it.o
 .ARM.attributes
                0x000000f2       0x34 ./Core/Src/system_stm32f4xx.o
 .ARM.attributes
                0x00000126       0x21 ./Core/Startup/startup_stm32f401vetx.o
 .ARM.attributes
                0x00000147       0x34 ./Drivers/STM32F4xx_HAL_Driver/Src/stm32f4xx_hal.o
 .ARM.attributes
                0x0000017b       0x34 ./Drivers/STM32F4xx_HAL_Driver/Src/stm32f4xx_hal_cortex.o
 .ARM.attributes
                0x000001af       0x34 ./Drivers/STM32F4xx_HAL_Driver/Src/stm32f4xx_hal_gpio.o
 .ARM.attributes
                0x000001e3       0x34 ./Drivers/STM32F4xx_HAL_Driver/Src/stm32f4xx_hal_rcc.o
 .ARM.attributes
                0x00000217       0x34 F:/stm32/STM32CubeIDE_1.18.0/STM32CubeIDE/plugins/com.st.stm32cube.ide.mcu.externaltools.gnu-tools-for-stm32.13.3.rel1.win32_1.0.0.202411081344/tools/bin/../lib/gcc/arm-none-eabi/13.3.1/../../../../arm-none-eabi/lib/thumb/v7e-m+fp/hard\libc_nano.a(libc_a-memset.o)
 .ARM.attributes
                0x0000024b       0x34 F:/stm32/STM32CubeIDE_1.18.0/STM32CubeIDE/plugins/com.st.stm32cube.ide.mcu.externaltools.gnu-tools-for-stm32.13.3.rel1.win32_1.0.0.202411081344/tools/bin/../lib/gcc/arm-none-eabi/13.3.1/../../../../arm-none-eabi/lib/thumb/v7e-m+fp/hard\libc_nano.a(libc_a-init.o)
 .ARM.attributes
                0x0000027f       0x20 F:/stm32/STM32CubeIDE_1.18.0/STM32CubeIDE/plugins/com.st.stm32cube.ide.mcu.externaltools.gnu-tools-for-stm32.13.3.rel1.win32_1.0.0.202411081344/tools/bin/../lib/gcc/arm-none-eabi/13.3.1/../../../../arm-none-eabi/lib/thumb/v7e-m+fp/hard\libc_nano.a(libc_a-strcmp.o)
 .ARM.attributes
                0x0000029f       0x22 F:/stm32/STM32CubeIDE_1.18.0/STM32CubeIDE/plugins/com.st.stm32cube.ide.mcu.externaltools.gnu-tools-for-stm32.13.3.rel1.win32_1.0.0.202411081344/tools/bin/../lib/gcc/arm-none-eabi/13.3.1/thumb/v7e-m+fp/hard\libgcc.a(_aeabi_uldivmod.o)
 .ARM.attributes
                0x000002c1       0x34 F:/stm32/STM32CubeIDE_1.18.0/STM32CubeIDE/plugins/com.st.stm32cube.ide.mcu.externaltools.gnu-tools-for-stm32.13.3.rel1.win32_1.0.0.202411081344/tools/bin/../lib/gcc/arm-none-eabi/13.3.1/thumb/v7e-m+fp/hard\libgcc.a(_udivmoddi4.o)
 .ARM.attributes
                0x000002f5       0x22 F:/stm32/STM32CubeIDE_1.18.0/STM32CubeIDE/plugins/com.st.stm32cube.ide.mcu.externaltools.gnu-tools-for-stm32.13.3.rel1.win32_1.0.0.202411081344/tools/bin/../lib/gcc/arm-none-eabi/13.3.1/thumb/v7e-m+fp/hard\libgcc.a(_dvmd_tls.o)
 .ARM.attributes
                0x00000317       0x22 F:/stm32/STM32CubeIDE_1.18.0/STM32CubeIDE/plugins/com.st.stm32cube.ide.mcu.externaltools.gnu-tools-for-stm32.13.3.rel1.win32_1.0.0.202411081344/tools/bin/../lib/gcc/arm-none-eabi/13.3.1/thumb/v7e-m+fp/hard/crtn.o
OUTPUT(PROJECT.elf elf32-littlearm)
LOAD linker stubs
LOAD F:/stm32/STM32CubeIDE_1.18.0/STM32CubeIDE/plugins/com.st.stm32cube.ide.mcu.externaltools.gnu-tools-for-stm32.13.3.rel1.win32_1.0.0.202411081344/tools/bin/../lib/gcc/arm-none-eabi/13.3.1/../../../../arm-none-eabi/lib/thumb/v7e-m+fp/hard\libc.a
LOAD F:/stm32/STM32CubeIDE_1.18.0/STM32CubeIDE/plugins/com.st.stm32cube.ide.mcu.externaltools.gnu-tools-for-stm32.13.3.rel1.win32_1.0.0.202411081344/tools/bin/../lib/gcc/arm-none-eabi/13.3.1/../../../../arm-none-eabi/lib/thumb/v7e-m+fp/hard\libm.a
LOAD F:/stm32/STM32CubeIDE_1.18.0/STM32CubeIDE/plugins/com.st.stm32cube.ide.mcu.externaltools.gnu-tools-for-stm32.13.3.rel1.win32_1.0.0.202411081344/tools/bin/../lib/gcc/arm-none-eabi/13.3.1/thumb/v7e-m+fp/hard\libgcc.a

.debug_info     0x00000000     0x3eb9
 .debug_info    0x00000000     0x1040 ./Core/Src/main.o
 .debug_info    0x00001040      0x291 ./Core/Src/stm32f4xx_hal_msp.o
 .debug_info    0x000012d1      0x112 ./Core/Src/stm32f4xx_it.o
 .debug_info    0x000013e3      0x53e ./Core/Src/system_stm32f4xx.o
 .debug_info    0x00001921       0x30 ./Core/Startup/startup_stm32f401vetx.o
 .debug_info    0x00001951      0x8bb ./Drivers/STM32F4xx_HAL_Driver/Src/stm32f4xx_hal.o
 .debug_info    0x0000220c      0xcc1 ./Drivers/STM32F4xx_HAL_Driver/Src/stm32f4xx_hal_cortex.o
 .debug_info    0x00002ecd      0x6f9 ./Drivers/STM32F4xx_HAL_Driver/Src/stm32f4xx_hal_gpio.o
 .debug_info    0x000035c6      0x8f3 ./Drivers/STM32F4xx_HAL_Driver/Src/stm32f4xx_hal_rcc.o

.debug_abbrev   0x00000000      0xfb4
 .debug_abbrev  0x00000000      0x330 ./Core/Src/main.o
 .debug_abbrev  0x00000330       0xd8 ./Core/Src/stm32f4xx_hal_msp.o
 .debug_abbrev  0x00000408       0x73 ./Core/Src/stm32f4xx_it.o
 .debug_abbrev  0x0000047b      0x11a ./Core/Src/system_stm32f4xx.o
 .debug_abbrev  0x00000595       0x24 ./Core/Startup/startup_stm32f401vetx.o
 .debug_abbrev  0x000005b9      0x24b ./Drivers/STM32F4xx_HAL_Driver/Src/stm32f4xx_hal.o
 .debug_abbrev  0x00000804      0x328 ./Drivers/STM32F4xx_HAL_Driver/Src/stm32f4xx_hal_cortex.o
 .debug_abbrev  0x00000b2c      0x1d3 ./Drivers/STM32F4xx_HAL_Driver/Src/stm32f4xx_hal_gpio.o
 .debug_abbrev  0x00000cff      0x2b5 ./Drivers/STM32F4xx_HAL_Driver/Src/stm32f4xx_hal_rcc.o

.debug_aranges  0x00000000      0x4c0
 .debug_aranges
                0x00000000      0x100 ./Core/Src/main.o
 .debug_aranges
                0x00000100       0x20 ./Core/Src/stm32f4xx_hal_msp.o
 .debug_aranges
                0x00000120       0x60 ./Core/Src/stm32f4xx_it.o
 .debug_aranges
                0x00000180       0x28 ./Core/Src/system_stm32f4xx.o
 .debug_aranges
                0x000001a8       0x28 ./Core/Startup/startup_stm32f401vetx.o
 .debug_aranges
                0x000001d0       0xf0 ./Drivers/STM32F4xx_HAL_Driver/Src/stm32f4xx_hal.o
 .debug_aranges
                0x000002c0      0x120 ./Drivers/STM32F4xx_HAL_Driver/Src/stm32f4xx_hal_cortex.o
 .debug_aranges
                0x000003e0       0x58 ./Drivers/STM32F4xx_HAL_Driver/Src/stm32f4xx_hal_gpio.o
 .debug_aranges
                0x00000438       0x88 ./Drivers/STM32F4xx_HAL_Driver/Src/stm32f4xx_hal_rcc.o

.debug_rnglists
                0x00000000      0x377
 .debug_rnglists
                0x00000000       0xc6 ./Core/Src/main.o
 .debug_rnglists
                0x000000c6       0x13 ./Core/Src/stm32f4xx_hal_msp.o
 .debug_rnglists
                0x000000d9       0x43 ./Core/Src/stm32f4xx_it.o
 .debug_rnglists
                0x0000011c       0x1a ./Core/Src/system_stm32f4xx.o
 .debug_rnglists
                0x00000136       0x19 ./Core/Startup/startup_stm32f401vetx.o
 .debug_rnglists
                0x0000014f       0xaf ./Drivers/STM32F4xx_HAL_Driver/Src/stm32f4xx_hal.o
 .debug_rnglists
                0x000001fe       0xd4 ./Drivers/STM32F4xx_HAL_Driver/Src/stm32f4xx_hal_cortex.o
 .debug_rnglists
                0x000002d2       0x3f ./Drivers/STM32F4xx_HAL_Driver/Src/stm32f4xx_hal_gpio.o
 .debug_rnglists
                0x00000311       0x66 ./Drivers/STM32F4xx_HAL_Driver/Src/stm32f4xx_hal_rcc.o

.debug_macro    0x00000000    0x14eab
 .debug_macro   0x00000000      0x3d7 ./Core/Src/main.o
 .debug_macro   0x000003d7      0xad8 ./Core/Src/main.o
 .debug_macro   0x00000eaf      0x28f ./Core/Src/main.o
 .debug_macro   0x0000113e       0x2e ./Core/Src/main.o
 .debug_macro   0x0000116c       0x28 ./Core/Src/main.o
 .debug_macro   0x00001194       0x22 ./Core/Src/main.o
 .debug_macro   0x000011b6       0x8e ./Core/Src/main.o
 .debug_macro   0x00001244       0x51 ./Core/Src/main.o
 .debug_macro   0x00001295      0x103 ./Core/Src/main.o
 .debug_macro   0x00001398       0x6a ./Core/Src/main.o
 .debug_macro   0x00001402      0x1df ./Core/Src/main.o
 .debug_macro   0x000015e1       0x1c ./Core/Src/main.o
 .debug_macro   0x000015fd       0x22 ./Core/Src/main.o
 .debug_macro   0x0000161f       0xfb ./Core/Src/main.o
 .debug_macro   0x0000171a     0x1011 ./Core/Src/main.o
 .debug_macro   0x0000272b      0x11f ./Core/Src/main.o
 .debug_macro   0x0000284a     0xb86c ./Core/Src/main.o
 .debug_macro   0x0000e0b6       0x6d ./Core/Src/main.o
 .debug_macro   0x0000e123     0x368c ./Core/Src/main.o
 .debug_macro   0x000117af      0x190 ./Core/Src/main.o
 .debug_macro   0x0001193f       0x5c ./Core/Src/main.o
 .debug_macro   0x0001199b      0x416 ./Core/Src/main.o
 .debug_macro   0x00011db1      0x9e9 ./Core/Src/main.o
 .debug_macro   0x0001279a      0x115 ./Core/Src/main.o
 .debug_macro   0x000128af       0xf8 ./Core/Src/main.o
 .debug_macro   0x000129a7       0xa5 ./Core/Src/main.o
 .debug_macro   0x00012a4c      0x15f ./Core/Src/main.o
 .debug_macro   0x00012bab      0x287 ./Core/Src/main.o
 .debug_macro   0x00012e32       0x5f ./Core/Src/main.o
 .debug_macro   0x00012e91      0x236 ./Core/Src/main.o
 .debug_macro   0x000130c7      0x132 ./Core/Src/main.o
 .debug_macro   0x000131f9      0x264 ./Core/Src/main.o
 .debug_macro   0x0001345d       0x2e ./Core/Src/main.o
 .debug_macro   0x0001348b      0x127 ./Core/Src/main.o
 .debug_macro   0x000135b2       0x85 ./Core/Src/main.o
 .debug_macro   0x00013637       0x89 ./Core/Src/main.o
 .debug_macro   0x000136c0      0x126 ./Core/Src/main.o
 .debug_macro   0x000137e6       0x61 ./Core/Src/main.o
 .debug_macro   0x00013847       0x2a ./Core/Src/main.o
 .debug_macro   0x00013871       0x43 ./Core/Src/main.o
 .debug_macro   0x000138b4       0x34 ./Core/Src/main.o
 .debug_macro   0x000138e8      0x370 ./Core/Src/main.o
 .debug_macro   0x00013c58       0x16 ./Core/Src/main.o
 .debug_macro   0x00013c6e       0x4a ./Core/Src/main.o
 .debug_macro   0x00013cb8       0x34 ./Core/Src/main.o
 .debug_macro   0x00013cec       0x10 ./Core/Src/main.o
 .debug_macro   0x00013cfc       0x58 ./Core/Src/main.o
 .debug_macro   0x00013d54       0x8e ./Core/Src/main.o
 .debug_macro   0x00013de2       0x1c ./Core/Src/main.o
 .debug_macro   0x00013dfe      0x185 ./Core/Src/main.o
 .debug_macro   0x00013f83       0x10 ./Core/Src/main.o
 .debug_macro   0x00013f93       0x3c ./Core/Src/main.o
 .debug_macro   0x00013fcf       0x20 ./Core/Src/main.o
 .debug_macro   0x00013fef       0x1c ./Core/Src/main.o
 .debug_macro   0x0001400b       0x10 ./Core/Src/main.o
 .debug_macro   0x0001401b       0x1c ./Core/Src/main.o
 .debug_macro   0x00014037       0x16 ./Core/Src/main.o
 .debug_macro   0x0001404d      0x146 ./Core/Src/main.o
 .debug_macro   0x00014193       0xa0 ./Core/Src/main.o
 .debug_macro   0x00014233      0x1ba ./Core/Src/stm32f4xx_hal_msp.o
 .debug_macro   0x000143ed      0x1c4 ./Core/Src/stm32f4xx_it.o
 .debug_macro   0x000145b1      0x1b0 ./Core/Src/system_stm32f4xx.o
 .debug_macro   0x00014761      0x210 ./Drivers/STM32F4xx_HAL_Driver/Src/stm32f4xx_hal.o
 .debug_macro   0x00014971      0x1b0 ./Drivers/STM32F4xx_HAL_Driver/Src/stm32f4xx_hal_cortex.o
 .debug_macro   0x00014b21      0x1b6 ./Drivers/STM32F4xx_HAL_Driver/Src/stm32f4xx_hal_gpio.o
 .debug_macro   0x00014cd7      0x1d4 ./Drivers/STM32F4xx_HAL_Driver/Src/stm32f4xx_hal_rcc.o

.debug_line     0x00000000     0x56a4
 .debug_line    0x00000000     0x1038 ./Core/Src/main.o
 .debug_line    0x00001038      0x709 ./Core/Src/stm32f4xx_hal_msp.o
 .debug_line    0x00001741      0x7b8 ./Core/Src/stm32f4xx_it.o
 .debug_line    0x00001ef9      0x78e ./Core/Src/system_stm32f4xx.o
 .debug_line    0x00002687       0x7a ./Core/Startup/startup_stm32f401vetx.o
 .debug_line    0x00002701      0x9fb ./Drivers/STM32F4xx_HAL_Driver/Src/stm32f4xx_hal.o
 .debug_line    0x000030fc      0xca1 ./Drivers/STM32F4xx_HAL_Driver/Src/stm32f4xx_hal_cortex.o
 .debug_line    0x00003d9d      0xb17 ./Drivers/STM32F4xx_HAL_Driver/Src/stm32f4xx_hal_gpio.o
 .debug_line    0x000048b4      0xdf0 ./Drivers/STM32F4xx_HAL_Driver/Src/stm32f4xx_hal_rcc.o

.debug_str      0x00000000    0x829b2
 .debug_str     0x00000000    0x829b2 ./Core/Src/main.o
                              0x81a02 (size before relaxing)
 .debug_str     0x000829b2    0x7d5c7 ./Core/Src/stm32f4xx_hal_msp.o
 .debug_str     0x000829b2    0x7d53b ./Core/Src/stm32f4xx_it.o
 .debug_str     0x000829b2    0x7d677 ./Core/Src/system_stm32f4xx.o
 .debug_str     0x000829b2       0x5b ./Core/Startup/startup_stm32f401vetx.o
 .debug_str     0x000829b2    0x7e099 ./Drivers/STM32F4xx_HAL_Driver/Src/stm32f4xx_hal.o
 .debug_str     0x000829b2    0x7ddd1 ./Drivers/STM32F4xx_HAL_Driver/Src/stm32f4xx_hal_cortex.o
 .debug_str     0x000829b2    0x7d7f2 ./Drivers/STM32F4xx_HAL_Driver/Src/stm32f4xx_hal_gpio.o
 .debug_str     0x000829b2    0x7daab ./Drivers/STM32F4xx_HAL_Driver/Src/stm32f4xx_hal_rcc.o

.comment        0x00000000       0x43
 .comment       0x00000000       0x43 ./Core/Src/main.o
                                 0x44 (size before relaxing)
 .comment       0x00000043       0x44 ./Core/Src/stm32f4xx_hal_msp.o
 .comment       0x00000043       0x44 ./Core/Src/stm32f4xx_it.o
 .comment       0x00000043       0x44 ./Core/Src/system_stm32f4xx.o
 .comment       0x00000043       0x44 ./Drivers/STM32F4xx_HAL_Driver/Src/stm32f4xx_hal.o
 .comment       0x00000043       0x44 ./Drivers/STM32F4xx_HAL_Driver/Src/stm32f4xx_hal_cortex.o
 .comment       0x00000043       0x44 ./Drivers/STM32F4xx_HAL_Driver/Src/stm32f4xx_hal_gpio.o
 .comment       0x00000043       0x44 ./Drivers/STM32F4xx_HAL_Driver/Src/stm32f4xx_hal_rcc.o

.debug_frame    0x00000000     0x11d8
 .debug_frame   0x00000000      0x40c ./Core/Src/main.o
 .debug_frame   0x0000040c       0x38 ./Core/Src/stm32f4xx_hal_msp.o
 .debug_frame   0x00000444      0x104 ./Core/Src/stm32f4xx_it.o
 .debug_frame   0x00000548       0x58 ./Core/Src/system_stm32f4xx.o
 .debug_frame   0x000005a0      0x374 ./Drivers/STM32F4xx_HAL_Driver/Src/stm32f4xx_hal.o
 .debug_frame   0x00000914      0x4b8 ./Drivers/STM32F4xx_HAL_Driver/Src/stm32f4xx_hal_cortex.o
 .debug_frame   0x00000dcc      0x14c ./Drivers/STM32F4xx_HAL_Driver/Src/stm32f4xx_hal_gpio.o
 .debug_frame   0x00000f18      0x1f4 ./Drivers/STM32F4xx_HAL_Driver/Src/stm32f4xx_hal_rcc.o
 .debug_frame   0x0000110c       0x20 F:/stm32/STM32CubeIDE_1.18.0/STM32CubeIDE/plugins/com.st.stm32cube.ide.mcu.externaltools.gnu-tools-for-stm32.13.3.rel1.win32_1.0.0.202411081344/tools/bin/../lib/gcc/arm-none-eabi/13.3.1/../../../../arm-none-eabi/lib/thumb/v7e-m+fp/hard\libc_nano.a(libc_a-memset.o)
 .debug_frame   0x0000112c       0x2c F:/stm32/STM32CubeIDE_1.18.0/STM32CubeIDE/plugins/com.st.stm32cube.ide.mcu.externaltools.gnu-tools-for-stm32.13.3.rel1.win32_1.0.0.202411081344/tools/bin/../lib/gcc/arm-none-eabi/13.3.1/../../../../arm-none-eabi/lib/thumb/v7e-m+fp/hard\libc_nano.a(libc_a-init.o)
 .debug_frame   0x00001158       0x20 F:/stm32/STM32CubeIDE_1.18.0/STM32CubeIDE/plugins/com.st.stm32cube.ide.mcu.externaltools.gnu-tools-for-stm32.13.3.rel1.win32_1.0.0.202411081344/tools/bin/../lib/gcc/arm-none-eabi/13.3.1/../../../../arm-none-eabi/lib/thumb/v7e-m+fp/hard\libc_nano.a(libc_a-strcmp.o)
 .debug_frame   0x00001178       0x2c F:/stm32/STM32CubeIDE_1.18.0/STM32CubeIDE/plugins/com.st.stm32cube.ide.mcu.externaltools.gnu-tools-for-stm32.13.3.rel1.win32_1.0.0.202411081344/tools/bin/../lib/gcc/arm-none-eabi/13.3.1/thumb/v7e-m+fp/hard\libgcc.a(_aeabi_uldivmod.o)
 .debug_frame   0x000011a4       0x34 F:/stm32/STM32CubeIDE_1.18.0/STM32CubeIDE/plugins/com.st.stm32cube.ide.mcu.externaltools.gnu-tools-for-stm32.13.3.rel1.win32_1.0.0.202411081344/tools/bin/../lib/gcc/arm-none-eabi/13.3.1/thumb/v7e-m+fp/hard\libgcc.a(_udivmoddi4.o)

.debug_line_str
                0x00000000       0x3f
 .debug_line_str
                0x00000000       0x3f ./Core/Startup/startup_stm32f401vetx.o
