../Core/Src/../../../PROJECT/LIB_LAB4_LCD/lcd.c:23:19:Lcd_create	56	static
../Core/Src/../../../PROJECT/LIB_LAB4_LCD/lcd.c:49:6:Lcd_init	16	static
../Core/Src/../../../PROJECT/LIB_LAB4_LCD/lcd.c:69:6:Lcd_int	32	static
../Core/Src/../../../PROJECT/LIB_LAB4_LCD/lcd.c:80:6:Lcd_string	32	static
../Core/Src/../../../PROJECT/LIB_LAB4_LCD/lcd.c:91:6:Lcd_cursor	16	static
../Core/Src/../../../PROJECT/LIB_LAB4_LCD/lcd.c:105:6:Lcd_clear	16	static
../Core/Src/../../../PROJECT/LIB_LAB4_LCD/lcd.c:109:6:Lcd_define_char	32	static
../Core/Src/../../../PROJECT/LIB_LAB4_LCD/lcd.c:123:6:lcd_write_command	16	static
../Core/Src/../../../PROJECT/LIB_LAB4_LCD/lcd.c:142:6:lcd_write_data	16	static
../Core/Src/../../../PROJECT/LIB_LAB4_LCD/lcd.c:161:6:lcd_write	24	static
../Core/Src/main.c:116:5:main	16	static
../Core/Src/main.c:156:6:LCD_Init	16	static
../Core/Src/main.c:196:6:LCD_SendCommand	32	static
../Core/Src/main.c:226:6:LCD_SendData	32	static
../Core/Src/main.c:256:6:LCD_Print	16	static
../Core/Src/main.c:263:6:LCD_SetCursor	24	static
../Core/Src/main.c:273:6:LCD_Clear	8	static
../Core/Src/main.c:282:6:Keypad_GetKey	32	static
../Core/Src/main.c:312:6:Security_CheckSensors	16	static
../Core/Src/main.c:351:6:Security_ProcessPassword	24	static
../Core/Src/main.c:438:6:Security_SetState	16	static
../Core/Src/main.c:481:6:Test_All_LEDs	8	static
../Core/Src/main.c:513:6:main_with_led_test	16	static
../Core/Src/main.c:554:6:Security_HandleAlarm	16	static
../Core/Src/main.c:577:6:Sound_Beep	16	static
../Core/Src/main.c:584:6:LED_Control	16	static
../Core/Src/main.c:594:6:SystemClock_Config	88	static
../Core/Src/main.c:632:13:MX_GPIO_Init	40	static
../Core/Src/main.c:680:6:Error_Handler	8	static,ignoring_inline_asm
